[36mvite v5.4.21 [32mbuilding for production...[36m[39m
transforming...
[32mΓ£ô[39m 3580 modules transformed.
rendering chunks...
computing gzip size...
[2mdist/[22m[32mindex.html                              [39m[1m[2m    2.38 kB[22m[1m[22m[2m Γöé gzip:   1.00 kB[22m
[2mdist/[22m[35massets/index-BOLfC6Hs.css               [39m[1m[2m  269.10 kB[22m[1m[22m[2m Γöé gzip:  52.41 kB[22m
[2mdist/[22m[36massets/circle-stop-Oe1ScoKw.js          [39m[1m[2m    0.36 kB[22m[1m[22m[2m Γöé gzip:   0.28 kB[22m
[2mdist/[22m[36massets/pen-BknilP64.js                  [39m[1m[2m    0.40 kB[22m[1m[22m[2m Γöé gzip:   0.31 kB[22m
[2mdist/[22m[36massets/ContentModeration-VaYuwyJP.js    [39m[1m[2m    3.29 kB[22m[1m[22m[2m Γöé gzip:   1.19 kB[22m
[2mdist/[22m[36massets/LiveClassMonitor-CfzDGRVu.js     [39m[1m[2m    4.73 kB[22m[1m[22m[2m Γöé gzip:   1.70 kB[22m
[2mdist/[22m[36massets/AuditLogs-DIIoXg16.js            [39m[1m[2m    4.81 kB[22m[1m[22m[2m Γöé gzip:   1.75 kB[22m
[2mdist/[22m[36massets/EarningsDashboard-CtaOfsXI.js    [39m[1m[2m    5.72 kB[22m[1m[22m[2m Γöé gzip:   1.45 kB[22m
[2mdist/[22m[36massets/LiveClassRoom-Bsv50xIW.js        [39m[1m[2m    5.78 kB[22m[1m[22m[2m Γöé gzip:   2.21 kB[22m
[2mdist/[22m[36massets/FeatureFlagsManager-CDfij5gY.js  [39m[1m[2m    8.05 kB[22m[1m[22m[2m Γöé gzip:   2.42 kB[22m
[2mdist/[22m[36massets/PaymentHistory-D0f9Ss6s.js       [39m[1m[2m    8.43 kB[22m[1m[22m[2m Γöé gzip:   2.72 kB[22m
[2mdist/[22m[36massets/LiveClassManager-ZXP33FDV.js     [39m[1m[2m    8.65 kB[22m[1m[22m[2m Γöé gzip:   2.65 kB[22m
[2mdist/[22m[36massets/UIConfigManager-CW1vpR37.js      [39m[1m[2m   10.53 kB[22m[1m[22m[2m Γöé gzip:   3.04 kB[22m
[2mdist/[22m[36massets/purify.es-BgtpMKW3.js            [39m[1m[2m   22.77 kB[22m[1m[22m[2m Γöé gzip:   8.79 kB[22m
[2mdist/[22m[36massets/index.es-CMrXvD9j.js             [39m[1m[2m  150.47 kB[22m[1m[22m[2m Γöé gzip:  51.44 kB[22m
[2mdist/[22m[36massets/index-1kmAcSGP.js                [39m[1m[33m2,378.45 kB[39m[22m[2m Γöé gzip: 656.51 kB[22m
[32mΓ£ô built in 24.94s[39m

(!) Some chunks are larger than 500 kB after minification. Consider:
- Using dynamic import() to code-split the application
- Use build.rollupOptions.output.manualChunks to improve chunking: https://rollupjs.org/configuration-options/#output-manualchunks
- Adjust chunk size limit for this warning via build.chunkSizeWarningLimit.
